// NOTE: May not be 100% accurate
// Will probably update this file as more is learned
--> Current Pos: 0
Header: (64)
	Signature: uint32(4)
	Unknown0: uint32(4)
	Unknown1: uint32(4)
	DataHash: uint8[20]
	DataSize: uint64(8)
	SteamID: uint64(8)
	Padding: uint8[16]

// Convert to array?
SectionOffsets: (8 * 4 = 32)
	Section0Offset: uint64(8)
	Section1Offset: uint64(8)
	Section2Offset: uint64(8)
	Section3Offset: uint64(8)

Skip 3149928 // Unknown
--> Current Pos: 3150024

Section3Header: SectionHeader(16)
	Signature: uint32(4)
	Unknown: uint32(4)
	Size: uint64(8)

--> Current Pos: 3150040
Save Slot 1: (2136768)
	Unknown0: uint32(4)
	Hunter: (92)
		hunterName: string(64)
		hunterRank: uint32(4)
		masterRank: uint32(4)
		zeni: uint32(4)
		researchPoints: uint32(4)
		Skip 8 // Unknown
		playTime : uint32(4) // In seconds
	
	Appearance: (594)
		Skip 168 // Appearance structure
		Skip 382 // Unknown
		Skip 44 // Palico appearance structure
	
	Player Guildcard: (7787)
		steamID: uint64(8)
		created: uint64(8)
		Skip 1 // Unknown
		hunterRank: uint32(4)
		playTime: uint32(4)
		lastUpdate: uint64(8)
		Skip 4 // Unknown
		hunterName: string(64)
		primaryGroup: uint8[54]
		Skip 16 // Unknown
		
		Skip 168 // Appearance structure
		Skip 212 // Unknown
		Skip 64 // Palico name
		Skip 4 // Palico rank
		Skip 194 // Unknown
		Weapon Usage Per Rank: (28 * 5 = 140)
			LowRank: (28)
				GreatSword: uint16(2)
				LongSword: uint16(2)
				SwordAndShield: uint16(2)
				DualBlades: uint16(2)
				Hammer: uint16(2)
				HuntingHorn: uint16(2)
				Lance: uint16(2)
				Gunlance: uint16(2)
				SwitchAxe: uint16(2)
				ChargeBlade: uint16(2)
				InsectGlave: uint16(2)
				LightBowgun: uint16(2)
				HeavyBowgun: uint16(2)
				Bow: uint16(2)
			HighRank: (28)
			Investigation: (28)
			masterRank: (28)
			guidingLands: (28)
		Skip 1 // Pose ID
		Skip 1 // Expression ID
		Skip 1 // Background ID
		Skip 1 // Sticker ID
		Skip 256 // Greeting
		Skip 256 // Title
	
		Skip 5454 // Unknown
	
		Monsters: (864)
			Skip 2 * 96 // uint16 * MaxMonsterCount = Captured monsters
			Skip 2 * 96 // uint16 * MaxMonsterCount = Slayed monsters
			Skip 2 * 96 // uint16 * MaxMonsterCount = largest
			Skip 2 * 96 // uint16 * MaxMonsterCount = smallest
			Skip 1 * 96 // uint8 * MaxMonsterCount = researchLevel
	
	Collected Guildcards: (7787 * 100)
	
	Skip 209447 // Unknown
	Skip 142200 // Item Loadouts
	
	Item Pouch: (632)
		Skip 24 * 8 // items
		Skip 16 * 8 // ammo
		Skip 256 // unknown
		Skip 7 * 8 // special
	
--> Current Pos: 4289496
	Storage: (17200)
		Skip 200 * 8 // items
		Skip 200 * 8 // ammo
		Skip 1250 * 8 // materials
		Skip 500 * 8 // decorations
	
	Equipment: (126 * 2500=315000)
		SortIndex: uint32(4)
		Type: uint32(4)
		Value: uint32(4)
		ClassID: uint32(4)
		Skip 8 // Unknown
		
		Decoration: (12)
			Slot1: uint32(4)
			Slot2: uint32(4)
			Slot3: uint32(4)
			
		Ammo: (12)
			Slot1: uint32(4)
			Slot2: uint32(4)
			Slot3: uint32(4)
			
		Augmentations: (12)
			Slot1: uint32(4)
			Slot2: uint32(4)
			Slot3: uint32(4)
			
		Skip 66 // Unknown
	
	Skip 664600 // Unknown
	Skip 512 // Hash things

--> Current Pos: 5286808
Save Slot 2:
--> Current Pos: 7423576
Save Slot 3:
--> Current Pos: 9560344